========================================
   Bank API Service - Итоговый отчет
========================================

📊 Статистика тестирования:
  ✅ Тестов пройдено: 12/12 (100%)
  ✅ API эндпоинтов: 11
  ✅ Email отправлено: 4+ писем
  ✅ Docker контейнеров: 3

📝 API Endpoints (все работают):
  ✅ GET  /api/health
  ✅ POST /api/v1/register
  ✅ POST /api/v1/login
  ✅ POST /api/v1/accounts
  ✅ GET  /api/v1/accounts
  ✅ POST /api/v1/transfer
  ✅ POST /api/v1/cards
  ✅ POST /api/v1/credits
  ✅ GET  /api/v1/credits/{id}/schedule
  ✅ GET  /api/v1/analytics/stats
  ✅ GET  /api/v1/accounts/{id}/predict

📧 MailHog:
  ✅ Веб-интерфейс: http://localhost:8025
  ✅ Писем отправлено: 4
  ✅ SMTP порт: 1025

🐳 Docker:
  ✅ Контейнеров: 3 (api, postgres, mailhog)
  ✅ Все работают стабильно

🎯 Проект полностью готов к использованию!
========================================
